[www.amazon.de/index.html]
[backblue.gif]
[fade.gif]
[index.html]
[www.amazon.de/sp.load.js]
[www.amazon.de/gp/prime/ref=nav_logo_prime_join/253-8936271-2197550]
[www.amazon.de/ref=nav_logo/253-8936271-2197550.html]
[www.amazon.de/gp/prime/pipeline/landingd694.html]
[www.amazon.de/gp/angebote/ref=lmawv16/ref=nav_swm_de_xsite_swm_lmawv16f276.html]
[www.amazon.de/gp/site-directory/ref=nav_shopall_btn/253-8936271-2197550.html]
[www.amazon.de/gp/customer-preferences/select-language/ref=topnav_lang/253-8936271-21975501e49.html]
[www.amazon.de/gp/navigation/redirector.html/ref=sign-in-redirect/253-8936271-21975504261]
[www.amazon.de/gp/prime/ref=nav_prime_try_btn/253-8936271-2197550]
[www.amazon.de/gp/prime/pipeline/landing1f9e.html]
[www.amazon.de/gp/angebote/ref=nav_cs_gb/253-8936271-2197550.html]
[www.amazon.de/b/ref=nav_cs_sell/253-8936271-2197550ff71.html]
[www.amazon.de/gp/help/customer/display.html/ref=nav_cs_help/253-8936271-21975506dfd.html]
[www.amazon.de/Geschenkgutscheine/b/ref=nav_cs_gc/253-8936271-219755076ae.html]
[www.amazon.de/b/ref=nav_shopall_nav_sap_mas_Marty582e.html]
[www.amazon.de/gp/b/ref=nav_shopall_nav_sap_FashionSaleaae9.html]
[www.amazon.de/s/ref=nav_shopall_nav-sa-auto-bike2234.html]
[www.amazon.de/s/ref=nav_shopall_nav-sa-toys_197867747630e.html]
[www.amazon.de/clouddrive/home/ref=nav_shopall_ref=GW_DE_W_P_G_D_CD_GNO_416_HF3523.html]
[www.amazon.de/b/ref=nav_shopall_nav_sa_books_d992a264-39e5-4b97-9c2d-613beee9f800e59a.html]
[www.amazon.de/b/ref=nav_shopall_nav-sa-ce_9835784031_1f3cd.html]
[www.amazon.de/dp/B00KAKPZYG/ref=nav_shopall_nav_flyout_kindle_Mont_Octprice6b01.html]
[www.amazon.de/b/ref=nav_shopall_degroNesco0596.html]
[www.amazon.de/b/ref=nav_shopall_nav_sap_emsakw42ba72.html]
[www.amazon.de/b/ref=nav_shopall_275d.html]
[www.amazon.de/dp/B01JAUTXHQ/ref=nav_shopall_f3eb.html]
[www.amazon.de/b/ref=nav_shopall_nav-sa-industrialbc7d.html]
[www.amazon.de/dp/B01GAGVCUY/ref=nav_shopall_nav_flyout_kindle_aucc_dopp7bb6.html]
[www.amazon.de/b/ref=nav_shopall_dmm_nav_fo_sweep_1216_sonoseb84.html]
[www.amazon.de/dp/B00ZDWLEEG/ref=nav_shopall_nav_flyout_tabl_fordf4bd.html]
[www.amazon.de/dp/B00QJDO0QC/ref=nav_shopall_nav_flyout_eink_musc9b05.html]
[www.amazon.de/b/ref=nav_shopall_0e92.html]
[www.amazon.de/gp/angebote74fa.html]
[www.amazon.de/gp/b/ref=nav_shopall_nav_sap_gchw168b97.html]
[www.amazon.de/ap/register0a5f.html]
[www.amazon.de/gp/help/customer/display7844.html]
[www.amazon.de/gp/prime/ref=br_pdt_mgUpt/253-8936271-2197550a979]
[www.amazon.de/gp/prime/pipeline/landing569f.html]
[www.amazon.de/b/ref=br_pdt_mgLwt/253-8936271-2197550e18c]
[www.amazon.de/gp/video/primesignup/ref=dvm_de_xs_gw_e_ft_all_011/253-8936271-2197550a979.html]
[www.amazon.de/gp/prime/ref=br_pdt_smr/253-8936271-2197550a979]
[www.amazon.de/b/ref=br_pdt_mgLwt/253-8936271-21975507127.html]
[www.amazon.de/gp/prime/pipeline/landing37a9.html]
[www.amazon.de/s/ref=gw_in_av_ntlIg_ara-1/253-8936271-2197550ebde.html]
[www.amazon.de/s/ref=gw_in_av_vd/253-8936271-2197550ebde.html]
[www.amazon.de/s/ref=gw_in_av_ntlIg/253-8936271-2197550ebde.html]
[www.amazon.de/gp/prime/ref=nav_tooltip_redirect/253-8936271-2197550]
[www.amazon.de/s/ref=gw_in_av_smr/253-8936271-2197550ebde.html]
[www.amazon.de/gp/angebote/ref=br_dig/253-8936271-21975502412.html]
[www.amazon.de/gp/angebote/ref=br_dig_smr/253-8936271-21975502412.html]
[www.amazon.de/gp/prime/ref=nav_prime_ajax_err/253-8936271-2197550]
[www.amazon.de/gp/prime/pipeline/landing95b1.html]
[www.amazon.de/gp/product/sessionCacheUpdateHandler.html]
[www.amazon.de/b/ref=footer_careers89ec]
[www.amazon.de/gp/prime/pipeline/landing049a.html]
[www.amazon.de/b/ref=footer_nav_legal735e]
[www.amazon.de/gp/help/customer/display6edf.html]
[www.amazon.de/gp/seller-account/mm-landing.html/ref=footer_seealldf8c.html]
[www.amazon.de/b/indexc314.html]
[www.amazon.de/gp/cobrandcard/marketing.html/ref=footer_cbccbd5b.html]
[www.amazon.de/gp/help/customer/display.html/ref=footer_kreditkartenca3b.html]
[www.amazon.de/gp/help/customer/display.html/ref=footer_bankeinzug67b5]
[www.amazon.de/gp/help/customer/display.html/ref=footer_rechnung7cb4.html]
[www.amazon.de/Geschenkgutscheine/b/ref=footer_giftcards76ae.html]
[www.amazon.de/gp/help/customer/display3924.html]
[www.amazon.de/gp/help/customer/display.html/ref=footer_tfx08e1.html]
[www.amazon.de/gp/css/order-history/ref=footer_hp_ss_comp_tmp]
[www.amazon.de/gp/gc/create/ref=footer_topup_de.html]
[www.amazon.de/gp/subs/primeclub/signup/main.html/ref=footer_prime]
[www.amazon.de/gp/help/customer/display.html/ref=footer_shiprates5455.html]
[www.amazon.de/gp/prime4707]
[www.amazon.de/gp/css/returns/homepage.html/ref=footer_hy_f_4]
[www.amazon.de/gp/prime/pipeline/landing4707.html]
[www.amazon.de/gp/digital/fiona/manage/ref=footer_myk]
[www.amazon.de/gp/orc/returns/homepage.html/ref=orc_surl_ret_hpaa35.html]
[www.amazon.de/gp/BIT/ref=footer_bit_v2_e0002f298.html]
[www.amazon.de/b/ref=footer_mobapp23c6.html]
[www.amazon.de/gp/help/customer/display.html/ref=footer_gw_m_b_he6dfd.html]
[www.amazon.de/ref=footer_logo.html]
[www.amazon.de/gp/customer-preferences/select-language/ref=footer_lang1e49.html]
[www.amazon.de/gp/navigation-country/select-country/ref=1e49.html]
[www.amazon.de/b/ref=footer_wrhsdls9f2d.html]
[www.amazon.de/gp/help/customer/display.html/ref=footer_coue153.html]
[www.amazon.de/gp/bypost/storefront7026.html]
[www.amazon.de/gp/help/customer/display.html/ref=footer_privacy8397.html]
[www.amazon.de/gp/help/customer/display.html/ref=footer_impressum6edf.html]
[www.amazon.de/index.html]
[www.amazon.de/sp.load.html]
[www.amazon.de/ref=nav_logo/253-8936271-2197550.html]
[www.amazon.de/gp/prime/pipeline/landingd694.html]
[www.amazon.de/gp/angebote/ref=lmawv16/ref=nav_swm_de_xsite_swm_lmawv16f276.html]
[www.amazon.de/gp/site-directory/ref=nav_shopall_btn/253-8936271-2197550.html]
[www.amazon.de/gp/customer-preferences/select-language/ref=topnav_lang/253-8936271-21975501e49.html]
[www.amazon.de/gp/prime/pipeline/landing1f9e.html]
[www.amazon.de/gp/angebote/ref=nav_cs_gb/253-8936271-2197550.html]
[www.amazon.de/Geschenkgutscheine/b/ref=nav_cs_gc/253-8936271-219755076ae.html]
[www.amazon.de/b/ref=nav_cs_sell/253-8936271-2197550ff71.html]
[www.amazon.de/gp/help/customer/display.html/ref=nav_cs_help/253-8936271-21975506dfd.html]
[www.amazon.de/b/ref=nav_shopall_nav_sap_mas_Marty582e.html]
[www.amazon.de/gp/b/ref=nav_shopall_nav_sap_FashionSaleaae9.html]
[www.amazon.de/s/ref=nav_shopall_nav-sa-auto-bike2234.html]
[www.amazon.de/s/ref=nav_shopall_nav-sa-toys_197867747630e.html]
[www.amazon.de/b/ref=nav_shopall_nav_sa_books_d992a264-39e5-4b97-9c2d-613beee9f800e59a.html]
[www.amazon.de/clouddrive/home/ref=nav_shopall_ref=GW_DE_W_P_G_D_CD_GNO_416_HF3523.html]
[www.amazon.de/b/ref=nav_shopall_nav-sa-ce_9835784031_1f3cd.html]
[www.amazon.de/dp/B00KAKPZYG/ref=nav_shopall_nav_flyout_kindle_Mont_Octprice6b01.html]
[www.amazon.de/b/ref=nav_shopall_degroNesco0596.html]
[www.amazon.de/b/ref=nav_shopall_275d.html]
[www.amazon.de/b/ref=nav_shopall_nav_sap_emsakw42ba72.html]
[www.amazon.de/b/ref=nav_shopall_nav-sa-industrialbc7d.html]
[www.amazon.de/dp/B01JAUTXHQ/ref=nav_shopall_f3eb.html]
[www.amazon.de/dp/B01GAGVCUY/ref=nav_shopall_nav_flyout_kindle_aucc_dopp7bb6.html]
[www.amazon.de/dp/B00ZDWLEEG/ref=nav_shopall_nav_flyout_tabl_fordf4bd.html]
[www.amazon.de/dp/B00QJDO0QC/ref=nav_shopall_nav_flyout_eink_musc9b05.html]
[www.amazon.de/b/ref=nav_shopall_dmm_nav_fo_sweep_1216_sonoseb84.html]
[www.amazon.de/b/ref=nav_shopall_0e92.html]
[www.amazon.de/gp/b/ref=nav_shopall_nav_sap_gchw168b97.html]
[www.amazon.de/gp/angebote74fa.html]
[www.amazon.de/gp/help/customer/display7844.html]
[www.amazon.de/ap/register0a5f.html]
[www.amazon.de/gp/prime/pipeline/landing569f.html]
[www.amazon.de/gp/video/primesignup/ref=dvm_de_xs_gw_e_ft_all_011/253-8936271-2197550a979.html]
[www.amazon.de/b/ref=br_pdt_mgLwt/253-8936271-21975507127.html]
[www.amazon.de/gp/prime/pipeline/landing37a9.html]
[www.amazon.de/s/ref=gw_in_av_ntlIg_ara-1/253-8936271-2197550ebde.html]
[www.amazon.de/s/ref=gw_in_av_vd/253-8936271-2197550ebde.html]
[www.amazon.de/s/ref=gw_in_av_ntlIg/253-8936271-2197550ebde.html]
[www.amazon.de/s/ref=gw_in_av_smr/253-8936271-2197550ebde.html]
[www.amazon.de/gp/angebote/ref=br_dig/253-8936271-21975502412.html]
[www.amazon.de/gp/angebote/ref=br_dig_smr/253-8936271-21975502412.html]
[www.amazon.de/gp/prime/pipeline/landing95b1.html]
[www.amazon.de/gp/prime/pipeline/landing049a.html]
[www.amazon.de/gp/product/sessionCacheUpdateHandler.html]
[www.amazon.de/gp/help/customer/display6edf.html]
[www.amazon.de/b/indexc314.html]
[www.amazon.de/gp/seller-account/mm-landing.html/ref=footer_seealldf8c.html]
[www.amazon.de/gp/cobrandcard/marketing.html/ref=footer_cbccbd5b.html]
[www.amazon.de/gp/help/customer/display.html/ref=footer_kreditkartenca3b.html]
[www.amazon.de/Geschenkgutscheine/b/ref=footer_giftcards76ae.html]
[www.amazon.de/gp/help/customer/display.html/ref=footer_rechnung7cb4.html]
[www.amazon.de/gp/help/customer/display3924.html]
[www.amazon.de/gp/help/customer/display.html/ref=footer_tfx08e1.html]
[www.amazon.de/gp/gc/create/ref=footer_topup_de.html]
[www.amazon.de/gp/help/customer/display.html/ref=footer_shiprates5455.html]
[www.amazon.de/gp/prime/pipeline/landing4707.html]
[www.amazon.de/gp/orc/returns/homepage.html/ref=orc_surl_ret_hpaa35.html]
[www.amazon.de/b/ref=footer_mobapp23c6.html]
[www.amazon.de/gp/BIT/ref=footer_bit_v2_e0002f298.html]
[www.amazon.de/gp/help/customer/display.html/ref=footer_gw_m_b_he6dfd.html]
[www.amazon.de/ref=footer_logo.html]
[www.amazon.de/gp/customer-preferences/select-language/ref=footer_lang1e49.html]
[www.amazon.de/gp/navigation-country/select-country/ref=1e49.html]
[www.amazon.de/primenow/indexc0f9.html]
[www.amazon.de/b/ref=footer_wrhsdls9f2d.html]
[www.amazon.de/gp/bypost/storefront7026.html]
[www.amazon.de/gp/help/customer/display.html/ref=footer_coue153.html]
[www.amazon.de/gp/help/customer/display.html/ref=footer_privacy8397.html]
[www.amazon.de/gp/help/customer/display.html/ref=footer_impressum6edf.html]
[www.amazon.de/gp/help/customer/display.html/ref=footer_intbasedadsb827.html]
[www.amazon.de/gp/help/customer/display.html/ref=footer_intbasedadsb827.html]
